// Jest Snapshot v1, https://goo.gl/fbAQLP

exports[`Error renders correctly 1`] = `
<Text
  style={
    Array [
      Object {
        "color": "#ff0000",
        "marginBottom": 10,
        "marginLeft": "auto",
        "marginRight": "auto",
      },
    ]
  }
>
  test
</Text>
`;
