// Jest Snapshot v1, https://goo.gl/fbAQLP

exports[`CartItem renders correctly 1`] = `
<View
  style={
    Array [
      Object {
        "alignItems": "center",
        "backgroundColor": "white",
        "borderRadius": 10,
        "flexDirection": "row",
        "marginBottom": 5,
        "marginLeft": 5,
        "marginRight": 5,
        "marginTop": 5,
        "shadowColor": "rgba(0, 0, 0, 0.07)",
        "shadowOffset": Object {
          "height": 2,
          "width": 2,
        },
        "shadowOpacity": 1,
        "shadowRadius": 2,
      },
    ]
  }
>
  <Image
    source={
      Object {
        "uri": "https://picsum.photos/1220/300",
      }
    }
    style={
      Array [
        Object {
          "borderBottomLeftRadius": 15,
          "borderTopLeftRadius": 15,
          "height": 100,
          "marginRight": 10,
          "width": 100,
        },
      ]
    }
  />
  <View
    style={
      Array [
        Object {
          "flexBasis": 0,
          "flexGrow": 1,
          "flexShrink": 1,
        },
      ]
    }
  >
    <Text
      color="#000000"
      size={22}
      style={
        Array [
          Object {
            "color": "#000000",
            "fontFamily": "Pompiere-Regular",
            "fontSize": 22,
            "textDecorationColor": "black",
            "textDecorationLine": "none",
            "textDecorationStyle": "solid",
            "textTransform": "none",
          },
        ]
      }
      textDecoration="none"
      textTransform="none"
    >
      Tartelette
    </Text>
    <View
      style={
        Array [
          Object {
            "height": 10,
          },
        ]
      }
    />
    <Text>
      cart.quantity
      5
    </Text>
    <View
      style={
        Array [
          Object {
            "height": 10,
          },
        ]
      }
    />
    <Text
      style={
        Array [
          Object {
            "fontWeight": "bold",
          },
        ]
      }
    >
      50
      common.euros
    </Text>
    <View
      accessible={true}
      collapsable={false}
      focusable={true}
      onClick={[Function]}
      onResponderGrant={[Function]}
      onResponderMove={[Function]}
      onResponderRelease={[Function]}
      onResponderTerminate={[Function]}
      onResponderTerminationRequest={[Function]}
      onStartShouldSetResponder={[Function]}
      style={
        Object {
          "bottom": 0,
          "opacity": 1,
          "position": "absolute",
          "right": 10,
          "zIndex": 1000,
        }
      }
    >
      <Trash
        color="#ff0000"
        height={20}
        width={20}
      />
    </View>
  </View>
</View>
`;
