// Jest Snapshot v1, https://goo.gl/fbAQLP

exports[`Cooking renders correctly 1`] = `
<View
  style={
    Array [
      Object {
        "backgroundColor": "white",
        "borderRadius": 10,
        "elevation": 50,
        "marginBottom": 10,
        "marginLeft": 10,
        "marginRight": 10,
        "marginTop": 10,
        "paddingBottom": 10,
        "paddingLeft": 20,
        "paddingRight": 0,
        "paddingTop": 10,
        "shadowColor": "rgba(0, 0, 0, 0.07)",
        "shadowOffset": Object {
          "height": 2,
          "width": 2,
        },
        "shadowOpacity": 1,
        "shadowRadius": 2,
      },
    ]
  }
>
  <View
    style={
      Array [
        Object {
          "flexDirection": "row",
          "marginBottom": 10,
          "marginLeft": "auto",
          "marginRight": "auto",
        },
      ]
    }
  >
    <Text
      style={
        Array [
          Object {
            "fontWeight": "bold",
          },
        ]
      }
    >
      recipe.totalTime
      50
      recipe.minutes
    </Text>
  </View>
  <View
    style={
      Array [
        Object {
          "flexDirection": "row",
          "marginBottom": 10,
          "marginLeft": "auto",
          "marginRight": "auto",
        },
      ]
    }
  >
    <View
      style={
        Array [
          Object {
            "flexDirection": "row",
          },
        ]
      }
    >
      <Star
        color="#FFD700"
        fill="#FFD700"
        height={20}
        onPress={[Function]}
        width={20}
      />
      <Star
        color="#FFD700"
        fill="#FFD700"
        height={20}
        onPress={[Function]}
        width={20}
      />
      <Star
        color="#FFD700"
        fill="#FFD700"
        height={20}
        onPress={[Function]}
        width={20}
      />
      <Star
        color="#FFD700"
        fill="#FFD700"
        height={20}
        onPress={[Function]}
        width={20}
      />
      <Star
        color="#FFD700"
        fill="#ffffff"
        height={20}
        onPress={[Function]}
        width={20}
      />
    </View>
  </View>
  <View
    style={
      Array [
        Object {
          "flexDirection": "row",
          "justifyContent": "space-between",
          "marginBottom": 10,
          "width": "100%",
        },
      ]
    }
  >
    <View
      style={
        Array [
          Object {
            "flexBasis": 0,
            "flexDirection": "column",
            "flexGrow": 1,
            "flexShrink": 1,
          },
        ]
      }
    >
      <Text
        style={
          Array [
            Object {
              "fontWeight": "bold",
            },
          ]
        }
      >
        recipe.preparation
      </Text>
      <Text
        style={
          Array [
            Object {},
          ]
        }
      >
        15
        recipe.minutes
      </Text>
    </View>
    <View
      style={
        Array [
          Object {
            "flexBasis": 0,
            "flexDirection": "column",
            "flexGrow": 1,
            "flexShrink": 1,
          },
        ]
      }
    >
      <Text
        style={
          Array [
            Object {
              "fontWeight": "bold",
            },
          ]
        }
      >
        recipe.cook
      </Text>
      <Text
        style={
          Array [
            Object {},
          ]
        }
      >
        25
        recipe.minutes
      </Text>
    </View>
    <View
      style={
        Array [
          Object {
            "flexBasis": 0,
            "flexDirection": "column",
            "flexGrow": 1,
            "flexShrink": 1,
          },
        ]
      }
    >
      <Text
        style={
          Array [
            Object {
              "fontWeight": "bold",
            },
          ]
        }
      >
        recipe.chill
      </Text>
      <Text
        style={
          Array [
            Object {},
          ]
        }
      >
        5
        recipe.minutes
      </Text>
    </View>
  </View>
  <View
    style={
      Array [
        Object {
          "flexDirection": "row",
          "justifyContent": "space-between",
          "marginBottom": 10,
          "width": "100%",
        },
      ]
    }
  >
    <View
      style={
        Array [
          Object {
            "flexBasis": 0,
            "flexDirection": "column",
            "flexGrow": 1,
            "flexShrink": 1,
          },
        ]
      }
    >
      <Text
        style={
          Array [
            Object {
              "fontWeight": "bold",
            },
          ]
        }
      >
        recipe.level
      </Text>
      <Text
        style={
          Array [
            Object {},
          ]
        }
      >
        
      </Text>
    </View>
    <View
      style={
        Array [
          Object {
            "flexBasis": 0,
            "flexDirection": "column",
            "flexGrow": 1,
            "flexShrink": 1,
          },
        ]
      }
    >
      <Text
        style={
          Array [
            Object {
              "fontWeight": "bold",
            },
          ]
        }
      >
        recipe.cost
      </Text>
      <Text
        style={
          Array [
            Object {},
          ]
        }
      >
        30
        â‚¬
      </Text>
    </View>
    <View
      style={
        Array [
          Object {
            "flexBasis": 0,
            "flexDirection": "column",
            "flexGrow": 1,
            "flexShrink": 1,
          },
        ]
      }
    >
      <Text
        style={
          Array [
            Object {
              "fontWeight": "bold",
            },
          ]
        }
      >
        recipe.portions
      </Text>
      <Text
        style={
          Array [
            Object {},
          ]
        }
      >
        4
      </Text>
    </View>
  </View>
</View>
`;
