// Jest Snapshot v1, https://goo.gl/fbAQLP

exports[`ErrorModal renders correctly 1`] = `
<Modal
  animationType="slide"
  hardwareAccelerated={false}
  onRequestClose={[Function]}
  transparent={true}
  visible={true}
>
  <View
    style={
      Array [
        Object {
          "backgroundColor": "white",
          "borderRadius": 10,
          "elevation": 50,
          "marginLeft": "auto",
          "marginRight": "auto",
          "marginTop": "60%",
          "paddingBottom": 20,
          "paddingLeft": 20,
          "paddingRight": 20,
          "paddingTop": 20,
          "shadowColor": "rgba(0, 0, 0, 0.5)",
          "shadowOffset": Object {
            "height": 10,
            "width": 10,
          },
          "shadowOpacity": 1,
          "shadowRadius": 10,
          "width": "80%",
        },
      ]
    }
  >
    <View
      style={
        Array [
          Object {
            "alignItems": "center",
            "justifyContent": "center",
          },
        ]
      }
    >
      <Warning
        color="#dba970"
        height={70}
        width={70}
      />
      <View
        style={
          Array [
            Object {
              "marginTop": 10,
            },
          ]
        }
      />
      <Text
        style={
          Array [
            Object {
              "color": "#dba970",
              "fontSize": 25,
              "fontWeight": "bold",
            },
          ]
        }
      >
        errorModal.title
      </Text>
      <View
        style={
          Array [
            Object {
              "marginTop": 10,
            },
          ]
        }
      />
      <Text>
        errorModal.content
      </Text>
      <View
        style={
          Array [
            Object {
              "marginTop": 30,
            },
          ]
        }
      />
      <View
        accessibilityState={
          Object {
            "disabled": false,
          }
        }
        accessible={true}
        collapsable={false}
        focusable={true}
        onClick={[Function]}
        onResponderGrant={[Function]}
        onResponderMove={[Function]}
        onResponderRelease={[Function]}
        onResponderTerminate={[Function]}
        onResponderTerminationRequest={[Function]}
        onStartShouldSetResponder={[Function]}
        style={
          Object {
            "alignItems": "center",
            "backgroundColor": "#dba970",
            "borderRadius": 15,
            "minWidth": 80,
            "opacity": 1,
            "paddingBottom": 10,
            "paddingLeft": 10,
            "paddingRight": 10,
            "paddingTop": 10,
          }
        }
      >
        <Text
          style={
            Array [
              Object {
                "color": "#ffffff",
              },
            ]
          }
        >
          errorModal.close
        </Text>
      </View>
    </View>
  </View>
</Modal>
`;
