// Jest Snapshot v1, https://goo.gl/fbAQLP

exports[`Order renders correctly 1`] = `
<View
  style={
    Array [
      Object {
        "backgroundColor": "white",
        "borderRadius": 10,
        "marginBottom": 5,
        "marginLeft": 5,
        "marginRight": 5,
        "marginTop": 5,
        "paddingBottom": 10,
        "paddingLeft": 10,
        "paddingRight": 10,
        "paddingTop": 10,
        "shadowColor": "rgba(0, 0, 0, 0.07)",
        "shadowOffset": Object {
          "height": 2,
          "width": 2,
        },
        "shadowOpacity": 1,
        "shadowRadius": 2,
      },
    ]
  }
>
  <View
    style={
      Array [
        Object {
          "flexDirection": "row",
        },
      ]
    }
  >
    <Text
      style={
        Array [
          Object {
            "fontWeight": "bold",
          },
        ]
      }
    >
      orders.orderedOn
    </Text>
    <Text>
      12/12/2022
    </Text>
  </View>
  <View
    style={
      Array [
        Object {
          "flexDirection": "row",
          "marginTop": 10,
        },
      ]
    }
  >
    <Text
      style={
        Array [
          Object {
            "fontWeight": "bold",
          },
        ]
      }
    >
      orders.orderSchedule
    </Text>
    <Text>
      Invalid date
    </Text>
  </View>
  <View
    style={
      Array [
        Object {
          "flexDirection": "column",
          "marginTop": 10,
        },
      ]
    }
  >
    <Text
      style={
        Array [
          Object {
            "fontWeight": "bold",
          },
        ]
      }
    >
      orders.items
    </Text>
    <View
      style={
        Array [
          Object {
            "marginLeft": 20,
          },
        ]
      }
    >
      <Text>
        Pizza
         × 
        2
      </Text>
    </View>
  </View>
  <View
    style={
      Array [
        Object {
          "flexDirection": "row",
          "justifyContent": "space-between",
          "marginTop": 10,
        },
      ]
    }
  >
    <View
      style={
        Array [
          Object {
            "flexDirection": "row",
          },
        ]
      }
    >
      <Text
        style={
          Array [
            Object {
              "color": "#dba970",
              "fontWeight": "bold",
            },
          ]
        }
      >
        orders.totalPrice
      </Text>
      <Text>
        24
         €
      </Text>
    </View>
    <Text
      style={
        Array [
          Object {
            "fontWeight": "bold",
          },
        ]
      }
    >
      orders.status.created
    </Text>
  </View>
</View>
`;
