// Jest Snapshot v1, https://goo.gl/fbAQLP

exports[`Recipe renders correctly 1`] = `
<View
  accessible={true}
  collapsable={false}
  focusable={true}
  onClick={[Function]}
  onResponderGrant={[Function]}
  onResponderMove={[Function]}
  onResponderRelease={[Function]}
  onResponderTerminate={[Function]}
  onResponderTerminationRequest={[Function]}
  onStartShouldSetResponder={[Function]}
  style={
    Object {
      "backgroundColor": "white",
      "borderRadius": 10,
      "marginBottom": 5,
      "marginLeft": 5,
      "marginRight": 5,
      "marginTop": 5,
      "opacity": 1,
      "shadowColor": "rgba(0, 0, 0, 0.07)",
      "shadowOffset": Object {
        "height": 2,
        "width": 2,
      },
      "shadowOpacity": 1,
      "shadowRadius": 2,
      "width": "47%",
    }
  }
>
  <Image
    source={
      Object {
        "uri": "https://picsum.photos/1220/300",
      }
    }
    style={
      Array [
        Object {
          "borderTopLeftRadius": 10,
          "borderTopRightRadius": 10,
          "height": 120,
          "width": "100%",
        },
      ]
    }
  />
  <View
    style={
      Array [
        Object {
          "marginBottom": 20,
          "paddingBottom": 5,
          "paddingLeft": 5,
          "paddingRight": 5,
          "paddingTop": 5,
        },
      ]
    }
  >
    <Text
      size={24}
      style={
        Array [
          Object {
            "color": "black",
            "fontFamily": "Pompiere-Regular",
            "fontSize": 24,
            "textAlign": "center",
          },
        ]
      }
    >
      Tartelette
    </Text>
    <View
      style={
        Array [
          Object {
            "marginTop": 5,
          },
        ]
      }
    />
    <Text
      numberOfLines={10}
      size={14}
      style={
        Array [
          Object {
            "color": "black",
            "fontFamily": "Pompiere-Regular",
            "fontSize": 14,
          },
        ]
      }
    >
      This is a description
    </Text>
  </View>
  <View
    style={
      Array [
        Object {
          "bottom": 0,
          "marginBottom": 5,
          "marginRight": 5,
          "marginTop": 5,
          "position": "absolute",
          "right": 0,
        },
      ]
    }
  >
    <View
      style={
        Array [
          Object {
            "flexDirection": "row",
          },
        ]
      }
    >
      <Star
        color="#FFD700"
        fill="#FFD700"
        height={20}
        width={20}
      />
      <Star
        color="#FFD700"
        fill="#FFD700"
        height={20}
        width={20}
      />
      <Star
        color="#FFD700"
        fill="#FFD700"
        height={20}
        width={20}
      />
      <Star
        color="#FFD700"
        fill="#FFD700"
        height={20}
        width={20}
      />
      <Star
        color="#FFD700"
        fill="#FFD700"
        height={20}
        width={20}
      />
    </View>
  </View>
</View>
`;
