// Jest Snapshot v1, https://goo.gl/fbAQLP

exports[`Filters renders correctly 1`] = `
<View
  accessible={true}
  collapsable={false}
  focusable={true}
  onClick={[Function]}
  onResponderGrant={[Function]}
  onResponderMove={[Function]}
  onResponderRelease={[Function]}
  onResponderTerminate={[Function]}
  onResponderTerminationRequest={[Function]}
  onStartShouldSetResponder={[Function]}
  style={
    Object {
      "backgroundColor": "white",
      "borderRadius": 10,
      "marginBottom": 5,
      "marginLeft": 5,
      "marginRight": 5,
      "marginTop": 5,
      "opacity": 1,
      "paddingBottom": 10,
      "paddingLeft": 10,
      "paddingRight": 10,
      "paddingTop": 10,
      "shadowColor": "rgba(0, 0, 0, 0.07)",
      "shadowOffset": Object {
        "height": 2,
        "width": 2,
      },
      "shadowOpacity": 1,
      "shadowRadius": 2,
    }
  }
>
  <View
    style={
      Array [
        Object {
          "flexDirection": "row",
          "justifyContent": "center",
        },
      ]
    }
  >
    <Text
      style={
        Array [
          Object {
            "color": "#dba970",
          },
        ]
      }
    >
      filters.title
       (
      2
      )
    </Text>
    <View
      style={
        Array [
          Object {
            "width": 10,
          },
        ]
      }
    />
    <Filter
      color="#dba970"
      height={20}
      width={20}
    />
  </View>
</View>
`;
