// Jest Snapshot v1, https://goo.gl/fbAQLP

exports[`Reward renders correctly 1`] = `
<View
  disabled={false}
  style={
    Array [
      Object {
        "alignItems": "center",
        "backgroundColor": "white",
        "borderRadius": 10,
        "flexDirection": "row",
        "marginBottom": 5,
        "marginLeft": 5,
        "marginRight": 5,
        "marginTop": 5,
        "opacity": 1,
        "shadowColor": "rgba(0, 0, 0, 0.07)",
        "shadowOffset": Object {
          "height": 2,
          "width": 2,
        },
        "shadowOpacity": 1,
        "shadowRadius": 2,
      },
    ]
  }
>
  <Image
    source={
      Object {
        "uri": undefined,
      }
    }
    style={
      Array [
        Object {
          "borderBottomLeftRadius": 15,
          "borderTopLeftRadius": 15,
          "height": 100,
          "marginRight": 10,
          "width": 100,
        },
      ]
    }
  />
  <View
    style={
      Array [
        Object {
          "alignItems": "center",
          "flexBasis": 0,
          "flexDirection": "row",
          "flexGrow": 1,
          "flexShrink": 1,
          "justifyContent": "space-between",
        },
      ]
    }
  >
    <Text
      color="#000000"
      size={22}
      style={
        Array [
          Object {
            "color": "#000000",
            "fontFamily": "Pompiere-Regular",
            "fontSize": 22,
            "textDecorationColor": "black",
            "textDecorationLine": "none",
            "textDecorationStyle": "solid",
            "textTransform": "none",
          },
        ]
      }
      textDecoration="none"
      textTransform="none"
    >
      Friandise (12)
    </Text>
    <View
      style={
        Array [
          Object {
            "width": 4,
          },
        ]
      }
    />
    <View
      accessibilityState={
        Object {
          "disabled": false,
        }
      }
      accessible={true}
      collapsable={false}
      focusable={true}
      onClick={[Function]}
      onResponderGrant={[Function]}
      onResponderMove={[Function]}
      onResponderRelease={[Function]}
      onResponderTerminate={[Function]}
      onResponderTerminationRequest={[Function]}
      onStartShouldSetResponder={[Function]}
      style={
        Object {
          "marginRight": 5,
          "opacity": 1,
        }
      }
    >
      <Plus
        color="#dba970"
        height={20}
        width={20}
      />
    </View>
  </View>
</View>
`;
